Domino Client Starting...
1 Sending Registration
Registration Response: Response Code: 1
CLI Service is starting
RPC service for CLI is starting...
12345678123456781234567812345678 Sending heartbeat
heart beat received from: FFFFFFFFFFFFFFFFFFFFFFFFFFFFFFFF ,sequence number: 2
subscribing labels ['tosca.policies.Placement:properties:region:nova-1'] and templates ['hot']
Subscribe Response is received from: FFFFFFFFFFFFFFFFFFFFFFFFFFFFFFFF ,sequence number: 3
subscribing labels [] and templates ['dummy1', 'dummy2']
Subscribe Response is received from: FFFFFFFFFFFFFFFFFFFFFFFFFFFFFFFF ,sequence number: 4
subscribing labels [] and templates ['dummy1', 'dummy2']
Subscribe Response is received from: FFFFFFFFFFFFFFFFFFFFFFFFFFFFFFFF ,sequence number: 5
subscribing labels ['tosca.policies.Placement:properties:region:nova-2'] and templates []
Subscribe Response is received from: FFFFFFFFFFFFFFFFFFFFFFFFFFFFFFFF ,sequence number: 6
subscribing labels ['tosca.policies.Placement:properties:region:nova-3'] and templates []
Subscribe Response is received from: FFFFFFFFFFFFFFFFFFFFFFFFFFFFFFFF ,sequence number: 7
subscribing labels ['tosca.policies.Placement:properties:region:nova-3'] and templates []
Subscribe Response is received from: FFFFFFFFFFFFFFFFFFFFFFFFFFFFFFFF ,sequence number: 8
Publishing the template file: ./tosca-templates/tosca_helloworld_nfv.yaml
Publish Response is received from: FFFFFFFFFFFFFFFFFFFFFFFFFFFFFFFF ,sequence number: 9 Status: 2
subscribing labels ['tosca.policies.Placement.Geolocation:properties:region:us-west-1'] and templates []
Subscribe Response is received from: FFFFFFFFFFFFFFFFFFFFFFFFFFFFFFFF ,sequence number: 10
12345678123456781234567812345678 Received Template File
12345678123456781234567812345678 Received Template File
IGNORING error: ERRNO 17; ./toscafiles/12345678123456781234567812345678 exists.
