Domino Client Starting...
1 Sending Registration
Registration Response: Response Code: 1
CLI Service is starting
RPC service for CLI is starting...
Publishing the template file: ./tosca-templates/tosca_helloworld_nfv.yaml
Publish Response is received from: FFFFFFFFFFFFFFFFFFFFFFFFFFFFFFFF ,sequence number: 11 Status: 1
querying Domino Server: ['list-tuids']
Query Response is received from: FFFFFFFFFFFFFFFFFFFFFFFFFFFFFFFF ,sequence number: 13
Publishing the template file: ./tosca-templates/tosca_helloworld_nfv.yaml
Publish Response is received from: FFFFFFFFFFFFFFFFFFFFFFFFFFFFFFFF ,sequence number: 14 Status: 1
